pid=8845, allocation=4096 MB, page_size=4096, mode=write

===== before mmap =====
VmSize:	    1924 kB
VmRSS:	     464 kB
RssAnon:	      64 kB
RssFile:	     400 kB
VmSwap:	       0 kB
mapped address range: 0xfffe828d0000 - 0xffff828d0000

===== after mmap before touch =====
VmSize:	 4196228 kB
VmRSS:	     464 kB
RssAnon:	      64 kB
RssFile:	     400 kB
VmSwap:	       0 kB
touch finished in 10.813 seconds, sink=0
touch page faults: minor +2097168, major +9

===== after touch =====
VmSize:	 4196228 kB
VmRSS:	 3711056 kB
RssAnon:	 3709888 kB
RssFile:	    1168 kB
VmSwap:	  484432 kB

===== after munmap =====
VmSize:	    1924 kB
VmRSS:	    1228 kB
RssAnon:	      56 kB
RssFile:	    1172 kB
VmSwap:	      28 kB
